// Jest Snapshot v1, https://goo.gl/fbAQLP

exports[`JoinRoom, children and Routing render/work properly Snapshot test 1`] = `
<DocumentFragment>
  <div>
    <form>
      <h1
        class="JoinRoom-card-title"
      >
        Enter a room code
      </h1>
      <button
        type="button"
      >
        Refresh Rooms
      </button>
      <input
        aria-label="roomcode-input"
        class="roomcode-input"
        placeholder="eg: 1212"
        type="number"
        value=""
      />
      <button
        class="JoinRoom-card-button"
        type="submit"
      >
        Save
      </button>
    </form>
    <div />
  </div>
</DocumentFragment>
`;
